// Jest Snapshot v1, https://goo.gl/fbAQLP

exports[`plant generator: calathea matches its frozen reference at day 120 1`] = `
"................................................
................................................
..................................LKL...........
.................................LMKML..........
..............LKL................MLKLM..........
.............LMKML.............MLMKMLM..........
.............MLKLM.............LMLKLML..........
.............MLMKMLM...........PLMKMLP..........
.............LMLKLML........LKPMLKLMP...........
.............PLMKMLP.......LMKMPMKMP............
............LMPMLKLMP......MLKLMPKP.............
............MLKPMKMP.....MLMKMLM.D..............
............MLMKPKP......LMLKLMLLD..............
............LMLKLDL......PLMKMLPMD..............
............PLMKMDPKL...PMLKLMPKDM..............
.............PMLKDMPML...PMKMPKMDM..............
..............PMKDPKLM....PKPLKLDL..............
...............PKPDMKMLM...DLMKMDP..............
................DLDLKLML..PDLKLMD.LKL...........
................DPDMKMLP...DMKMPDLMKML..........
..............LKD.DMLKLMP..DPKPD.MLKLM..........
.............LMKMDDPMKMP...D.D.DLMKMLM..........
.............MLKLDD.PKP....D.D.DMLKLML..........
.............MLMKDLD.D....D..D.DLMKMLP..........
...........LKLMLKDMD.D....DLKDPDLKLMP...........
..........LMKPLMKDLD.D....DMDMDPMKMP............
..........MLKLPMLKDDPD....DLDLD.PKP.............
..........MLMKMPMKDD.D..MLDKDLD..D..............
..........LMLKLMPKDD..D.LMDKDMDLKD..............
..........PLMKMLPDDKD.D.PLDKDLDMDML.............
...........PMLKLMDDKDLDPMLDLDPDLDLM.............
............PMKMPMDDDMD.PMDMDDMKDLM.............
.............PKP.MDDDMDM.PDDLDLDLML.............
..............D..LDDDLDL..DDPDMDMLP.............
..............D..PDDDMDP.DDDMDKDMP..............
...............D..PDLDDMPDDDPDDMP...............
...............D...DMDDP.DDDDPDP................
................D..DDDPD.DDDD.D.................
................D...DD.D.D.DD.D.................
.................D..DD.D.DD.DD..................
.................D..DDDD.DD.DD..................
..................D.DDDD.DDDDD..................
..................D..DDD.DDDD...................
...................D.DDD.DDDD...................
...................D.DDDDDDDD...................
....................DDDDDDDD....................
....................DDDDDDDD....................
.....................DDDDDDD....................
.....................DDDDDD.....................
......................DDDDD.....................
...................===========..................
..................ooooooooooOOO.................
.................ooooooooooooOOO................
.................ooooooooooooOOO................
.................ooooooooooooOOO................
.................o*ooo*ooo*ooO*O................
.................ooooooooooooOOO................
..................ooooooooooOOO.................
..................oo*ooo*ooo*OO.................
...................ooooooooOOO..................
....................ooooooOOO...................
------------------------------------------------
------------------------------------------------
________________________________________________"
`;

exports[`plant generator: jade matches its frozen reference at day 120 1`] = `
"................................................
................................................
................................................
................................................
................................................
................................................
................................................
................................................
................................................
................................................
................................................
................................................
................................................
................................................
................................................
................................................
................................................
................................................
........LM.....B................................
........MD.....B................................
..........B....B..........LMLM...LM.............
....LMM.LMBBB.BM...LM.....MDMD...MD.............
....MDDLMDB..BBD...MDLMLM..B.LM.LMLM............
.....LMMD.B..LB.LM...BDMD...BMD.MBMD............
..LM.BB.LBM..MDBMDM.B.......B...B.LM............
..MD..BBBBD....B.MDB.........BM.BMMDB...........
...BBLMBLBLM...LB.BLM.......LBDBMD..B...........
.....BBBMDLDLM.MDB.MD.......MMB.LM.B.....LM.....
.......BBBLDMD..MD.MD.......MDB.MD.B..BB.MD.....
..........BBLM...B............B...B.BB..........
...........BBBLM.BM.........LMB...BBM...........
............MDBB.MB.........MB.LBB.MD...........
................BBBMM........BBBD...............
................MDBDD........BBLM...............
...................BB.......BB.MD...............
....................BB.....BB...................
....................BB....BB....................
.....................BB..BB.....................
......................BBBB......................
......................BBB.......................
......................BBB.......................
......................BBB.......................
......................BBB.......................
......................BBB.......................
......................BBB.......................
.......................BBB......................
.......................BBB......................
.......................BBB......................
.......................BBB......................
.......................BBB......................
..................=============.................
.................ooooooooooooOOO................
.................ooooooooooooOOO................
..................ooooooooooOOO.................
..................ooooooooooOOO.................
..................**********+++.................
..................**********+++.................
..................ooooooooooOOO.................
..................ooooooooooOOO.................
..................ooooooooooOOO.................
..................ooooooooooOOO.................
------------------------------------------------
------------------------------------------------
________________________________________________"
`;

exports[`plant generator: monstera matches its frozen reference at day 120 1`] = `
"................................................
................................................
................................................
......................................LDM.......
.....................................LLDMM......
.............MDL....................LLDMM.......
............MMDLL.................LL.LDM.MM.....
.............MMDLL.................LLLDMMM......
...........MM.MDL.LL.............LL.LDM.MM......
............MMMDLLL..........LDM...LLDMM........
............MM.MDL.LL.......LLDMM...LDM.........
..............MMDLL........LLDMM.....D..........
..........MDL..MDL.......LL.LDM.MM...D..........
.........MMDLL..D.........LLLDMMM...D...........
..........MMDLL.D.......LL.LDM.MM.LDD...........
........MM.MDL.LD.........LLDMM..LLDDM..........
.........MMMDLLL.DDL.......LDM..LLDMD...........
.........MM.MDL.LDDLL.......D.LL.LDD.MM.........
...........MMDLL.DMDLL......D..LLLDDMMM.........
............MDLMMDMDL.LL....DLL.LDMDMMMM........
.............DDLMDMDLLL.....D..LLDDMDMM.........
............MDDLMMDMDL.LL...D...LDDLDM.MM.......
.............MDDLLDMDLL....D.....DDLDMMM........
...........MM.DDL.DMDL.....D.LDLLDDDM.MM........
............MMDDLLD.D......DLLDMDDLDMM..........
.........MDLMM.DDLDLD.....LDLDMMDDLDM...........
........MMDLL.MDDLLDD....LLDLDM.DD.D............
........MMMDLLLDDL.DD....LLDLDMMDM.D............
.......MM.MDL.LDD..D.D..LL.DDM.DDLDM............
.......MMMMDLLLLD..D.D...LLDDMMDDLDMM...........
........MM.MDL.LDD.D.D....DLDMLDDDMMM...........
.........MMMDLLLDDDD.D....D.DLDDLDMMMM..........
...........MDL..MDDLDD....D.DLDDLDMMMM..........
............D...MDDDDDL...D.DLDDDMMMM...........
.............D.MMDDDDLDL..DD.DDLDMMM............
.............D.MMMDDDLDL..DD.DDDDM..............
..............D.MMDDDLDLL.DD.DDDD...............
..............D..MDDDDDL..DD.D.D................
...............D...DDDD..DD.DDDD................
................D..DDDD..DD.DDD.................
................D..DDD.D.DD.DDD.................
.................D..DD.D.DDDDD..................
..................D.DDDD.DDDDD..................
..................D.DDDD.D.DD...................
...................DDDDD.DDDD...................
...................D.DDD.DDDD...................
....................DDDDDDDD....................
.....................DDDD.DD....................
.....................DDDDDD.....................
......................DDDDD.....................
..................=============.................
.................ooooooooooooOOO................
.................ooooooooooooOOO................
..................ooooooooooOOO.................
..................ooooooooooOOO.................
..................ooooooooooOOO.................
...................ooooooooOOO..................
...................ooooooooOOO..................
...................ooooooooOOO..................
....................ooooooOOO...................
....................ooooooOOO...................
------------------------------------------------
------------------------------------------------
________________________________________________"
`;

exports[`plant generator: pothos matches its frozen reference at day 120 1`] = `
"................................................
................................................
................................................
................................................
................................................
................................................
.....................LMLMLML....................
...................MLMLMLMLMLM..................
..................=============.................
.................ooooooooooooOOO................
.............MLD.ooooooooooooOOOLD..............
............DMLD..ooooooooooOOOMLD..............
.............D.DM.ooooooooooOOOD.D.LM...........
..............DLMD**********+++...DLMD..........
............MLD.D..********+++..MLD.D...........
...........DMLD....ooooooooOOO.DMLD.............
............D.DLM..ooooooooOOO..D.D.LM..........
..............DLMD..ooooooOOO......DLMD.........
............MLD.D...ooooooOOO....MLD.D..........
-----------DMLD---------MLD-----DMLD------------
------------D-D-LM-----DMLD------D-D-LM---------
_______________DLMD_____D_DLM_______DLMD________
.............MLD.D........DLMD....MLD.D.........
............DMLD........MLD.D....DMLD...........
.............D.DLM.....DMLD.......D.D.LM........
...............DLMD.....D.DLM........DLMD.......
.............MLD.D........DLMD.....MLD.D........
............DMLD........MLD.D.....DMLD..........
.............D.D.LM....DMLD........D.D.LM.......
................DLMD....D.D...........DLMD......
..............MLD.D......DL.........MLD.D.......
.............DMLD..................DMLD.........
..............D.DM..................D.D.LM......
...............DLMD....................DLMD.....
...............D.D...................MLD.D......
...............D....................DMLD........
.....................................D.D.LM.....
........................................DLMD....
......................................MLD.D.....
.....................................DMLD.......
......................................D.D.LM....
.........................................DLMD...
.......................................MLD.D....
......................................DMLD......
.......................................D.DM.....
........................................DLMD....
......................................MLD.D.....
.....................................DMLD.......
......................................D.D.LM....
.........................................DLMD...
.......................................MLD.D....
......................................DMLD......
.......................................D.D.LM...
..........................................DLMD..
............................................D...
................................................
................................................
................................................
................................................
................................................
................................................
................................................
................................................
................................................"
`;

exports[`plant generator: sansevieria matches its frozen reference at day 120 1`] = `
"................................................
................................................
................................................
................................................
................................................
................................................
................................................
................................................
................................................
................................................
................................................
................................................
................................................
................................................
................................................
................................................
................................................
................................................
................................................
................................................
................................................
................................................
.......................M...................M....
.......................D...................D....
....D..................D................D..D....
....M.................EME...............M.EME...
....D.......D.........EDE...............D.EDE...
....EDE.....D.........EDE..............EDEDE....
....EME.....M.......M.EME..............EMEME....
....EDE....EDE......D.EDE.............EDEEDE....
....EDE.....EDE.....D.EDE.............EDEEDE....
....EME.....EME....EMEEME.............EMEEME....
.....EDE....EDE....EDEEDE.............EDEEDE....
.....EDE....EDE....EDEEDE.............EDEDE.....
...M.EME..M.EME....EMEEME.....M.......EMEME.....
..EDEEDE..D.EDE....EDEEDE.....D......EDEEDE.....
..EDEEDE..D.EDE..D.EDEEDE.....D......EDEEDE.....
..EME.EMEEMEEME..M.EME.EME...EME.....EMEEME.....
...EDEEDEEDE.EDE.D.EDE.EDE.D.EDE.D...EDEEDE.....
...EDEEDEEDE.EDEEDE.EDEEDE.D.EDE.D...EDEEDE.....
...EMEEME.EMEEMEEME.EMEEME.M.EME.M...EMEME......
...EDEEDE.EDEEDEEDE.EDEEDEEDEEDEEDE.EDEEDE......
...EDE.EDEEDEEDEEDE.EDEEDEEDEEDEEDE.EDEEDE......
....EMEEMEEMEEMEEME.EMEEMEEMEEMEEME.EMEEME......
....EDEEDEEDEEDE.EDEEDEEDEEDEEDEEDE.EDEEDE......
....EDEEDEEDEEDE.EDEEDEEDEEDEEDEEDE.EDEEDE......
....EMEEME.EMEEMEEMEEMEEMEEMEEMEEME.EMEME.......
.....EDEEDEEDEEDEEDEEDEEDEEDEEDEEDEEDEEDE.......
.....EDEEDEEDEEDEEDEEDEEDEEDEEDEEDEEDEEDE.......
.....EMEEMEEMEEMEEMEEMEEMEEMEEMEEMEEMEEME.......
..................=============.................
.................ooooooooooooOOO................
.................ooooooooooooOOO................
..................ooooooooooOOO.................
..................ooooooooooOOO.................
..................ooooooooooOOO.................
..................ooooooooooOOO.................
..................ooooooooooOOO.................
..................ooooooooooOOO.................
..................ooooooooooOOO.................
..................ooooooooooOOO.................
------------------------------------------------
------------------------------------------------
________________________________________________"
`;
