// Jest Snapshot v1, https://goo.gl/fbAQLP

exports[`plant generator: calathea matches its frozen reference at day 120 1`] = `
"................................................
................................................
..................................LKL...........
.................................LMKML..........
..............LKL................MLKLM..........
.............LMKML.............MLMKMLM..........
.............MLKLM.............LMLKLML..........
.............MLMKMLM...........PLMKMLP..........
.............LMLKLML........LKPMLKLMP...........
.............PLMKMLP.......LMKMPMKMP............
............LMPMLKLMP......MLKLMPKP.............
............MLKPMKMP.....MLMKMLM.D..............
............MLMKPKP......LMLKLMLLD..............
............LMLKLDL......PLMKMLPMD..............
............PLMKMDPKL...PMLKLMPKDM..............
.............PMLKDMPML...PMKMPKMDM..............
..............PMKDPKLM....PKPLKLDL..............
...............PKPDMKMLM...DLMKMDP..............
................DLDLKLML..PDLKLMD.LKL...........
................DPDMKMLP...DMKMPDLMKML..........
..............LKD.DMLKLMP..DPKPD.MLKLM..........
.............LMKMDDPMKMP...D.D.DLMKMLM..........
.............MLKLDD.PKP....D.D.DMLKLML..........
.............MLMKDLD.D....D..D.DLMKMLP..........
...........LKLMLKDMD.D....DLKDPDLKLMP...........
..........LMKPLMKDLD.D....DMDMDPMKMP............
..........MLKLPMLKDDPD....DLDLD.PKP.............
..........MLMKMPMKDD.D..MLDKDLD..D..............
..........LMLKLMPKDD..D.LMDKDMDLKD..............
..........PLMKMLPDDKD.D.PLDKDLDMDML.............
...........PMLKLMDDKDLDPMLDLDPDLDLM.............
............PMKMPMDDDMD.PMDMDDMKDLM.............
.............PKP.MDDDMDM.PDDLDLDLML.............
..............D..LDDDLDL..DDPDMDMLP.............
..............D..PDDDMDP.DDDMDKDMP..............
...............D..PDLDDMPDDDPDDMP...............
...............D...DMDDP.DDDDPDP................
................D..DDDPD.DDDD.D.................
................D...DD.D.D.DD.D.................
.................D..DD.D.DD.DD..................
.................D..DDDD.DD.DD..................
..................D.DDDD.DDDDD..................
..................D..DDD.DDDD...................
...................D.DDD.DDDD...................
...................D.DDDDDDDD...................
....................DDDDDDDD....................
....................DDDDDDDD....................
.....................DDDDDDD....................
.....................DDDDDD.....................
......................DDDDD.....................
..................=============.................
.................ooooooooooooOOO................
.................ooooooooooooOOO................
..................ooooooooooOOO.................
..................ooooooooooOOO.................
..................ooooooooooOOO.................
...................ooooooooOOO..................
...................ooooooooOOO..................
...................ooooooooOOO..................
....................ooooooOOO...................
....................ooooooOOO...................
------------------------------------------------
------------------------------------------------
________________________________________________"
`;

exports[`plant generator: jade matches its frozen reference at day 120 1`] = `
"................................................
................................................
................................................
................................................
................................................
................................................
................................................
................................................
................................................
................................................
................................................
................................................
................................................
................................................
................................................
................................................
................................................
................................................
.............B..................................
......LM.....B..................................
......MD.....B..................LM..............
.........BBLMB..........LMLM....MD..............
...LMMLMB..BBB......LMLMMDMD...LM...............
...MDDMDB...LB......BDMD.B.LM..MD.LM............
....LMMDB...MDB..LMB......BMDM.BM.MDLM..........
.LM.MD.LBM.....B.MDB.......LBDBMD..BMD..........
.MD..BBBBD.....LM.BLM......LMB.....BLM..LM......
..BBLM.LBLMM...MDB.MD......MDB.....BMDB.MD......
....MDBMDMDDM...MD.MD........B....BMBB..........
......BBBBDMD....B...........B....BB............
.........BBLM...LB.........LB....BBLM...........
...........BMLM.MB.........MB.LBB..MD...........
...........MDMDBMBMM........BBBD................
...............MBBDD........BBLM................
..................BB.......BB.MD................
...................BB.....BB....................
....................BB....BB....................
.....................BB..BB.....................
......................BBBB......................
......................BBB.......................
......................BBB.......................
......................BBB.......................
......................BBB.......................
......................BBB.......................
......................BBB.......................
.......................BBB......................
.......................BBB......................
.......................BBB......................
.......................BBB......................
.......................BBB......................
..................=============.................
.................ooooooooooooOOO................
.................ooooooooooooOOO................
..................ooooooooooOOO.................
..................ooooooooooOOO.................
..................ooooooooooOOO.................
...................ooooooooOOO..................
...................ooooooooOOO..................
...................ooooooooOOO..................
....................ooooooOOO...................
....................ooooooOOO...................
------------------------------------------------
------------------------------------------------
________________________________________________"
`;

exports[`plant generator: monstera matches its frozen reference at day 120 1`] = `
"................................................
................................................
................................................
......................................LDM.......
.....................................LLDMM......
.............MDL....................LLDMM.......
............MMDLL.................LL.LDM.MM.....
.............MMDLL.................LLLDMMM......
...........MM.MDL.LL.............LL.LDM.MM......
............MMMDLLL..........LDM...LLDMM........
............MM.MDL.LL.......LLDMM...LDM.........
..............MMDLL........LLDMM.....D..........
..........MDL..MDL.......LL.LDM.MM...D..........
.........MMDLL..D.........LLLDMMM...D...........
..........MMDLL.D.......LL.LDM.MM.LDD...........
........MM.MDL.LD.........LLDMM..LLDDM..........
.........MMMDLLL.DDL.......LDM..LLDMD...........
.........MM.MDL.LDDLL.......D.LL.LDD.MM.........
...........MMDLL.DMDLL......D..LLLDDMMM.........
............MDLMMDMDL.LL....DLL.LDMDMMMM........
.............DDLMDMDLLL.....D..LLDDMDMM.........
............MDDLMMDMDL.LL...D...LDDLDM.MM.......
.............MDDLLDMDLL....D.....DDLDMMM........
...........MM.DDL.DMDL.....D.LDLLDDDM.MM........
............MMDDLLD.D......DLLDMDDLDMM..........
.........MDLMM.DDLDLD.....LDLDMMDDLDM...........
........MMDLL.MDDLLDD....LLDLDM.DD.D............
........MMMDLLLDDL.DD....LLDLDMMDM.D............
.......MM.MDL.LDD..D.D..LL.DDM.DDLDM............
.......MMMMDLLLLD..D.D...LLDDMMDDLDMM...........
........MM.MDL.LDD.D.D....DLDMLDDDMMM...........
.........MMMDLLLDDDD.D....D.DLDDLDMMMM..........
...........MDL..MDDLDD....D.DLDDLDMMMM..........
............D...MDDDDDL...D.DLDDDMMMM...........
.............D.MMDDDDLDL..DD.DDLDMMM............
.............D.MMMDDDLDL..DD.DDDDM..............
..............D.MMDDDLDLL.DD.DDDD...............
..............D..MDDDDDL..DD.D.D................
...............D...DDDD..DD.DDDD................
................D..DDDD..DD.DDD.................
................D..DDD.D.DD.DDD.................
.................D..DD.D.DDDDD..................
..................D.DDDD.DDDDD..................
..................D.DDDD.D.DD...................
...................DDDDD.DDDD...................
...................D.DDD.DDDD...................
....................DDDDDDDD....................
.....................DDDD.DD....................
.....................DDDDDD.....................
......................DDDDD.....................
..................=============.................
.................ooooooooooooOOO................
.................ooooooooooooOOO................
..................ooooooooooOOO.................
..................ooooooooooOOO.................
..................ooooooooooOOO.................
...................ooooooooOOO..................
...................ooooooooOOO..................
...................ooooooooOOO..................
....................ooooooOOO...................
....................ooooooOOO...................
------------------------------------------------
------------------------------------------------
________________________________________________"
`;

exports[`plant generator: pothos matches its frozen reference at day 120 1`] = `
"................................................
................................................
................................................
................................................
................................................
................................................
.....................LMLMLML....................
...................MLMLMLMLMLM..................
..................=============.................
.................ooooooooooooOOO................
.............MLD.ooooooooooooOOOLD..............
............DMMD..ooooooooooOOOMMD..............
.............D.LM.ooooooooooOOOD.D.LM...........
..............DMMDooooooooooOOO...DMMD..........
............MLD.D..ooooooooOOO..MLD.D...........
...........DMMD....ooooooooOOO.DMMD.............
............D.DLM..ooooooooOOO..D.D.LM..........
..............DMMD..ooooooOOO......DMMD.........
............MLD.D...ooooooOOO....MLD.D..........
-----------DMMD---------MLD-----DMMD------------
------------D-D-LM-----DMMD------D-D-LM---------
_______________DMMD_____D_DLM_______DMMD________
.............MLD.D........DMMD....MLD.D.........
............DMMD........MLD.D....DMMD...........
.............D.DLM.....DMMD.......D.D.LM........
...............DMMD.....D.DLM........DMMD.......
.............MLD.D........DMMD.....MLD.D........
............DMMD........MLD.D.....DMMD..........
.............D.D.LM....DMMD........D.D.LM.......
................DMMD....D.D...........DMMD......
..............MLD.D......DL.........MLD.D.......
.............DMMD..................DMMD.........
..............D.LM..................D.D.LM......
...............DMMD....................DMMD.....
...............D.D...................MLD.D......
...............D....................DMMD........
.....................................D.D.LM.....
........................................DMMD....
......................................MLD.D.....
.....................................DMMD.......
......................................D.D.LM....
.........................................DMMD...
.......................................MLD.D....
......................................DMMD......
.......................................D.LM.....
........................................DMMD....
......................................MLD.D.....
.....................................DMMD.......
......................................D.D.LM....
.........................................DMMD...
.......................................MLD.D....
......................................DMMD......
.......................................D.D.LM...
..........................................DMMD..
............................................D...
................................................
................................................
................................................
................................................
................................................
................................................
................................................
................................................
................................................"
`;
