// Jest Snapshot v1, https://goo.gl/fbAQLP

exports[`plant generator: aloe matches its frozen reference at day 120 1`] = `
"................................................
................................................
................................................
................................................
................................................
................................................
................................................
................................................
................................................
................................................
................................................
................................................
................................................
................................................
................................................
................................................
................................................
................................................
................................................
................................................
................................................
................................................
................................................
................................................
................................................
................................................
..............................l.................
..................l...........ll................
...............................l................
...................l.........l..................
..............ll...l.........l.l.l..............
...............l..ll.........Cl..l..............
...............ll.cC.........Cccll..............
...............cC.lcC.......Ccc.lc..............
...............cC.ccC.......Ccc....l............
..............lccCccC..........Ccc..............
..............llcC..........CccCcl.l............
..............l.lllClC.....CllCll.l.............
.............llC.cCccC.....CccCccCl.............
.............lccCccccCl...lCccCcClc.............
.............cCccCcCcCl...lCcCcClcl.............
............l.clccCcclCl.lClccCcc.l.............
.............l.cccClllCl.lClllcccc..............
.............cC.cCllccCl.lCCcClccc..............
..............cC.lCccccClCcccCcCc...............
...............cCcccclllllClCccll...............
.................ccccclllClccccc................
..................ccCclllClccc..................
....................clllllClc...................
....................clcClCclc...................
..................=============.................
.................ooooooooooooOOO................
.................ooooooooooooOOO................
..................ooooooooooOOO.................
..................ooooooooooOOO.................
..................*ooo*ooo*oOO*.................
..................ooooooooooOOO.................
..................ooooooooooOOO.................
..................oo*ooo*ooo*OO.................
..................ooooooooooOOO.................
..................ooooooooooOOO.................
------------------------------------------------
------------------------------------------------
________________________________________________"
`;

exports[`plant generator: bamboo matches its frozen reference at day 120 1`] = `
"................................................
................................................
.........................ML.....................
...........................M....................
.......................LM...DD..................
....................ML.LM...LM..................
......................MLM...LM..................
.......................DD...LM..................
.......................LM...LM.LM...............
.......................LM...LMM.................
.......................LM...DD..................
.......................LM.LMLM..................
.......................LMM..LM..................
.......................DD...LM..................
.......................LMML.LM..................
.......................LM..MLM..................
.......................LM...DD..................
....................ML.LM...LM..................
......................MLM...LM..................
.......................DD...LM..................
.......................LM...LM.LM...............
.......................LM...LMM.................
..................LM.LMLM...DD..................
..................LMM..LM.LMLM..................
..................DD...LMM..LM..................
..................LM...DD...LM..................
..................LM...LMML.LM..................
..................LM...LM..MLM..................
...............ML.LM...LM...DD..................
.................MLMML.LM...LM..................
..................DD..MLM...LM..................
..................LM...DD...LM..................
..................LM...LM...LM.LM...............
..................LM...LM...LMM.................
..................LM.LMLM...DD..................
..................LMM..LM.LMLM..................
..................DD...LMM..LM..................
..................LM...DD...LM..................
..................LM...LMML.LM..................
..................LM...LM..MLM..................
...............ML.LM...LM...DD..................
.................MLMML.LM...LM..................
..................DD..MLM...LM..................
..................LM...DD...LM..................
..................LM...LM...LM.LM...............
..................LM...LM...LMM.................
..................LM.LMLM...DD..................
..................LMM..LM.LMLM..................
..................DD...LMM..LM..................
..................LM...DD...LM..................
..................=============.................
.................ooooooooooooOOO................
.................ooooooooooooOOO................
..................ooooooooooOOO.................
..................ooooooooooOOO.................
..................*ooo*ooo*oOO*.................
...................ooooooooOOO..................
...................ooooooooOOO..................
...................o*ooo*ooO*O..................
....................ooooooOOO...................
....................ooooooOOO...................
------------------------------------------------
------------------------------------------------
________________________________________________"
`;

exports[`plant generator: bonsai matches its frozen reference at day 120 1`] = `
"................................................
................................................
................................................
................................................
................................................
................................................
................................................
................................................
................................................
................................................
................................................
................................................
................................................
................................................
................................................
................................................
................................................
................................................
................................................
................................................
................................................
................................................
................................................
................................................
...............LLL..............................
.............MMLMMLM............................
............MMLMMLMML...........................
...........DMDMDMDMDMD..........................
............MDMDMDMBM...........................
............LLLDMDMDB...........................
..........MLMMLMMK...B..........................
.........MDMDLLLDM...B..........................
..........MMLMDMBBLBBBB.........................
.........DMDLDLDMDMD...B........................
.........MMDMMLMMBMBBBBBb.......................
........DMDLLMLLDMD....Bb.......................
........LMDLDMDMMMBBBBBBBb......................
.......MDMDMDMKMDMDM....Bb......................
........DMLLLLLMDBBBBBBBBb......................
.......LMMLMMLKMLM......Bb......................
......MDMDMDMDMDMDM.....Bb......................
.......DMDMDMDMDMBBBBBBBBb......................
..........KK.KK........BBb......................
.......................BBb......................
.......................BBb......................
........................BBb.....................
........................BBb.....................
.........................BBb....................
.........................BBb....................
.........................BBBbb..................
...............===================..............
..............ooooooooooooooooooOOO.............
..............ooooooooooooooooooOOO.............
...............ooooooooooooooooOOO..............
...............ooooooooooooooooOOO..............
...............ooooooooooooooooOOO..............
................ooooooooooooooOOO...............
.................oo...........OO................
.................oo...........OO................
.................oo...........OO................
.................oo...........OO................
------------------------------------------------
------------------------------------------------
________________________________________________"
`;

exports[`plant generator: cactus matches its frozen reference at day 120 1`] = `
"................................................
................................................
................................................
................................................
................................................
................................................
................................................
................................................
........................F.......................
.......................FFF......................
.......................ClC......................
......................SClCc.....................
......................cClCc.....................
......................cClCS.....................
......................cClCc.....................
......................SSSCc.....................
...................F..cSlSc..F..................
..................FFF.cClCS.FFF.................
..................SCc.cCSCc.SCc.................
..................lCc.SClCc.lCc.................
..................lCS.cClCc.lCS.................
..................lCc.cCSCS.lCc.................
..................SCc.cClCc.SCc.................
..................lCc.SCSCc.lCc.................
..................lCS.cCSCc.lCS.................
..................lCc.cClCS.lCc.................
..................SCc.cClCc.SCc.................
..................lCc.SCSCc.lCc.................
..................lCS.cClCc.lCS.................
..................lCc.cClCS.lCc.................
...................ccccClSc.SCc.................
...................CCCSCSCc.lCc.................
...................lllcClCc.lCS.................
......................cClCS.lCc.................
......................cClCc.SCc.................
......................SClCcccc..................
.....................ScSlCcCCC..................
......................cClCSlll..................
......................cSlCc.....................
......................SClCc.....................
......................cSlCc.....................
......................cClCS.....................
..................SCc.cClSc.SCc.................
..................lCc.SSlCc.lCc.................
..................lCS.cCSCc.lCS.................
..................lCc.cSlSS.lCc.................
..................SCc.cClCc.SCc.................
..................lCc.SClCc.lCc.................
..................lCS.cClCc.lCS.................
..................lCc.cClCS.lCc.................
..................=============.................
.................ooooooooooooOOO................
.................ooooooooooooOOO................
..................ooooooooooOOO.................
..................ooooooooooOOO.................
..................*ooo*ooo*oOO*.................
..................ooooooooooOOO.................
..................ooooooooooOOO.................
..................oo*ooo*ooo*OO.................
..................ooooooooooOOO.................
..................ooooooooooOOO.................
------------------------------------------------
------------------------------------------------
________________________________________________"
`;

exports[`plant generator: calathea matches its frozen reference at day 120 1`] = `
"................................................
....................................DMDMD.......
...................................DEEDEED......
..................................DMMMDMMMD.....
............DMDMD...............DEEEEDEEEED.....
...........DEEDEED..............DMMMMDMMMMD.....
..........DMMMDMMMD........DMDMDDEEEEDEEEED.....
..........DEEEEDEEEED.....DEEDEDMMMMDMMMMD......
..........DMMMMDMMMMD....DMMMDMMDEEEDEEED.......
..........DEEEEDEEEED..DEEEEDEEEEDDMDMD.........
.......DMDMDMMMMDMMMMD.DMMMMDMMMMD..D...........
......DEEDEEDEEEDEEED..DEEEEDEEEED..D...........
.....DMMMDMMMDDMDMD...DMMMMDMMMMD..D............
.....DEEEEDEEEEDD......DEEEDEEEDDMDDD...........
.....DMMMMDMMMMDD........DMDMD.DEEDDED..........
.....DEEEEDEEEEDD..........D..DMMMDDMMD.........
......DMMMMDMMMMDDMD.......DDEEEEDDEEED.........
.......DEEEDEEEDEDEED......DDMMMMDDMMMDD........
.........DMDMDMMMDMMMD.....DDEEEEDDEEEDED.......
...........D.DEEEDDEEEED...DMMMMDMDMMDMMMD......
...........DDDMMMDDMMMMD...DDEEEDDEEDEEEED......
...........DDDEEEEDEEEED..D...DMDDDMDMMMMD......
..........DMDMDMMMDDMMMMD.DDMDMDDDEEDEEEED......
..........DEDEEDEEDDEEED..DEEDDMDDMDMMMMD.......
..........DMMDMDMDDDMD...DDMMDMDDEEDEEED........
..........DEEDEDEEDDD..DEEDEDEEDDDMDMD..........
.......DMDMDMMDMDMMDMD.DMMDMDMMDDD.D............
......DEEDEEDEDEDEEDD..DEEDEDEEDDDDDD...........
.....DMMMDMMMDDMDMDDD.DMMMDDMMDDDEDEED..........
.....DEEEEDEEEEDD..DD..DEEDDEEDDMMDMMMD.........
.....DMMMMDMMMMDDDMDD....DDDMDDDEDEEEED.........
.....DEEEEDEEEEDEDEDD.....DDDMDDMDMMMMD.........
......DMMMMDMMMMDDMMDD....DDDDDEEDEEEED.........
.......DEEEDEEEDDDDEDDED.D.DMDDMDMMMMD..........
.........DMDMDMMDMDMDDMD.D.DDDDEDEEED...........
...........D.DEEEDDEDDED.DD..DDDDMD.............
............D.DMMDDDDDMMDDD.DD.DD...............
.............D.DEEDDEDED.DD.DD.D................
.............D...DDDMDD..DD.DDDD................
..............D...DD.DD..DD.DDD.................
...............D...DDDD..DDDD.D.................
................D..DDDD..D.DDD..................
................D..DDDDD.D.DDD..................
.................D..DDDD.D.DD...................
..................D.DDDDDDDDD...................
...................D.DDDDDDDD...................
....................DDDDDDDD....................
....................DDDDD.DD....................
.....................DDDDDD.....................
......................DDDDD.....................
...................===========..................
..................ooooooooooOOO.................
.................ooooooooooooOOO................
.................ooooooooooooOOO................
.................ooooooooooooOOO................
.................o*ooo*ooo*ooO*O................
.................ooooooooooooOOO................
..................ooooooooooOOO.................
..................oo*ooo*ooo*OO.................
...................ooooooooOOO..................
....................ooooooOOO...................
------------------------------------------------
------------------------------------------------
________________________________________________"
`;

exports[`plant generator: fern matches its frozen reference at day 120 1`] = `
"................................................
................................................
................................................
................................................
................................................
................................................
................................................
................................................
................................................
................................................
................................................
................................................
................................................
................................................
................................................
................................................
................................................
................................................
................................................
................................................
................................................
................................................
................................................
................................................
................................................
..............M.................................
...............L................................
..............MKKK.........V....................
...........M..KL.LK.M.......L.....V.............
............MKKKMKKV........MK..M..V............
............KL..KM.K......V.KLKL...K............
...........KLK..KMLK......VVKKKLMKK.K...........
..........MKKLKKKLLKL.M....LMLVVKVV..M..........
.........V.MKM.LKKK.KL.....KMKKVKV...LV.........
..........LLK.MM.KMKK....MVKK.KLKKL.M.K.........
..........K.K..LVVMKKK....VKKMKKKKK...MK........
.........M.KL..KK.VVKVMM...K.VLKLLLK...LK.......
.........KLKMMKK.MVKKVL...MKVVMKK.M.K...K..M....
........KVMK.MLK...V.K...MVKKKKKKL.KVK..MKL.....
........KVKKL.KKMMV.KK....VKKKMKLMLM..KL.K......
........VKLK.KKLVKLLLLMM..KLLLMKLKLK.MK..V......
........KVK.M.KMVVKMKKL..MKLMKLKLK.MKLMK.VL.....
......VKLKKKVVKKM.MMMKK.MMKKK..MKLM.K..LM.K.....
.......KK.KM.KLK...LMKK..LLKK...KKK.K..K...K....
.......KKK...KLL....LKKMM.KKMM..KKK.VK..K..K....
........K....KK....V.MKL..KKL...K.LK.K..K.......
........K....K.......KK...K......M.K............
.............K........KK.KK.....................
......................KK.KK.....................
.......................KKKK.....................
..................=============.................
.................ooooooooooooOOO................
.................ooooooooooooOOO................
..................ooooooooooOOO.................
..................ooooooooooOOO.................
..................*ooo*ooo*oOO*.................
...................ooooooooOOO..................
...................ooooooooOOO..................
...................o*ooo*ooO*O..................
....................ooooooOOO...................
....................ooooooOOO...................
------------------------------------------------
------------------------------------------------
________________________________________________"
`;

exports[`plant generator: ficus matches its frozen reference at day 120 1`] = `
"................................................
................................................
................................................
................................................
................................................
................................................
................................................
................................................
................................................
................................................
................................................
................................................
................................................
................................................
................................................
................................................
................................................
................................................
................................................
..............DDML..............................
.............DKKKKRB............................
..............DKML.B.............LMDD...........
.............DKKKKRB...........BRKKKKD..........
..............DKML.B...........B.LMKD...........
.............DKKKKRB...........BRKKKKD..........
..............DKML.B...........B.LMKD...........
.............DKKKKRB...........BRKKKKD..........
..............DKML.B...........B.LMKD...........
.............DKKKKRB...........BRKKKKD..........
..............DKML.B...........B.LMKD...........
.............DKKKKRB...........BRKKKKD..........
...............KKMLBB.........BBLMKK............
..............DKKKKRB.........BRKKKKD...........
................KKMLBB.......BBLMKK.............
...............DKKKKRB.......BRKKKKD............
................DKML.B.....B.BMKKK..............
...............DKKKKRB.....BRKKKKD..............
.................KKMLBB...BBLMKK................
................DKKKKRB...BRKKKKD...............
..................KKMLB.B.B.KKK.................
.................DKKKKRB........................
...................KKK.B.LMDD...................
.......................BRKKKKD..................
..................DDML.B.KKK....................
.................DKKKKRB........................
...................KKK.B.LMDD...................
.......................BRKKKKD..................
...................DDMLBBKKK....................
..................DKKKKRB.......................
....................KKK.B.......................
..................=============.................
.................ooooooooooooOOO................
.................ooooooooooooOOO................
..................ooooooooooOOO.................
..................ooooooooooOOO.................
..................ooooooooooOOO.................
..................ooooooooooOOO.................
..................ooooooooooOOO.................
..................ooooooooooOOO.................
..................ooooooooooOOO.................
..................ooooooooooOOO.................
------------------------------------------------
------------------------------------------------
________________________________________________"
`;

exports[`plant generator: jade matches its frozen reference at day 120 1`] = `
"................................................
................................................
................................................
................................................
................................................
................................................
................................................
................................................
................................................
................................................
................................................
................................................
................................................
................................................
................................................
................................................
........................LM......................
...........LM..LM.....LMMD.........LM...........
......LM...MB..LM.....MD...........LM...........
......MD....BBBMD.....BM....LM.....MD...........
.....LMB....BLLB.....BMD..B.MD...B...LM.........
....LMB.BB.BMMDDB....B.....B....B....MD.........
....MDB...BBD....B..BLM.....BLMMB...............
....B..BM.LB.LM...B.BMD.....LLMBD......B........
.....BBBM.MB.MD....B........MMB........B........
.......BB.LMLM.LM..B..........B.....LLBM........
........BBMLBLMMD..B..........B.....MMBD.BB.LM..
..........BBDBM....B..........B......BMBB...MD..
...........LBBBM....B.......LMBLM...BBD.........
...........MD.MBB.LMB.......LMBMD.BB............
.................BMDB.......MLB.BM..............
..................MBBMM.....LMBBMD..............
..................MDMBD.....MBBMD...............
.....................BB......BB.................
......................BB....BB..................
.......................BB..BB...................
........................BBBB....................
........................BBBB....................
........................BBB.....................
........................BBB.....................
........................BBB.....................
........................BBB.....................
........................BBB.....................
........................BBB.....................
.......................BBB......................
.......................BBB......................
.......................BBB......................
.......................BBB......................
.......................BBB......................
.......................BBB......................
..................=============.................
.................ooooooooooooOOO................
.................ooooooooooooOOO................
..................ooooooooooOOO.................
..................ooooooooooOOO.................
..................**********+++.................
..................**********+++.................
..................ooooooooooOOO.................
..................ooooooooooOOO.................
..................ooooooooooOOO.................
..................ooooooooooOOO.................
------------------------------------------------
------------------------------------------------
________________________________________________"
`;

exports[`plant generator: monstera matches its frozen reference at day 120 1`] = `
"................................................
................................................
................................................
................................................
................................................
................................................
................................................
................................................
................................................
................................................
................................................
................................................
................................................
................................................
................................................
................................................
................................................
................................................
................................................
...........................KLLDMMK..............
.........................KLL.LDM.MMK............
........................KL.LLLDMMM.MK...........
.......................KLLL.LLDMM.MMMK..........
.........................L.LL.LDM.MM.M..........
........................KLLDLLLDMMM.MMK.........
.....KMMDLLK.............KLL.LLDMM.MMK..........
...KMM.MDL.LLK............LLL.LDM.MMM...........
..KM.MMMDLLL.LDDMDLLK.....DKLLLLDMMMMK..........
.KMMM.MMDLL.LLLKDDL.LK....D.KLLLDMMMKLLDMMK.....
.M.MM.MDL.LLKLMMMDDLDLK...D...LLDMDLL.LDM.MMK...
KMM.MMMDLLLKLLKMMDDL.LLK..D...KLDMKLLLLDMMMMK...
.KMM.MMDLL.LLK.MDL.DLL....D....DKDKL.LLDMM.MMK..
..MMM.MDL.LLLMMMDLLDLKD...DLDMD....LLL.LDM.MMM..
.KMMMMDLLLLKM.MMDLL.DKD.KLDLDD.MK..KLLLLDMMMMK..
..KMMMDLLLKMDMKDDL.LD.DKLDDLDDMMMK.DKLLDMMK.MK..
....MMDLLM.MKMMDLLK.D.DKLDDLDMM.MDKLLLLDMMMMK...
....KMDKMLLDDKMDLKD.D.D..DL.DDM.DKL.LLLDMMMMMK..
...KKDKMDLMLLKDDKK.D.DD..DKLDDMDKLLL.LLDMMMMMMK.
..KM.MMMDLLLLLKKDD..DD.D.DKLDDDMK.L.LL.LDMMMM.M.
.KMMM.MMDLLDLLLK..D.DDKD.D.DKDDDLDLLDDLLDMMM.MMK
.M.MM.MDLMLLLLLK..DMMDDDKD.D.DKLDDMLL.LLDMMKMMK.
KMM.MMMDLLLDLLK...KDMDLDKD.D.DLDLDKLLLLLDMMMMM..
.KMM.MMDLLDDDKDDD.KDMDDDKD.DD.DLLDKLKLLLLDMMMMK.
..MMM.MKLMLLLK...DKMDDDD.DDDDD.KLLDKLKLLLDMMMK..
.KMMMMDLLLLKLLK...DKDKDD.DDD.D..KLDKLLLLLDMMMK..
..KMMMDLLLKLLLK....D.DDD.DDDD....KDKKLLKLDMKK...
....MMDLLDLLK.......DDDD.DDDD........KLLDKDK....
....KMDLKDLK.........DDD.DDD...........KLDMK....
....KDKKMDLK.........DDD.DDD............KDK.....
........KDK..........DDD.DDD....................
..................=============.................
.................ooooooooooooOOO................
.................ooooooooooooOOO................
..................ooooooooooOOO.................
..................ooooooooooOOO.................
..................ooooooooooOOO.................
...................ooooooooOOO..................
...................ooooooooOOO..................
...................ooooooooOOO..................
....................ooooooOOO...................
....................ooooooOOO...................
------------------------------------------------
------------------------------------------------
________________________________________________"
`;

exports[`plant generator: pearls matches its frozen reference at day 120 1`] = `
"................................................
................................................
................................................
................................................
................................................
................................................
.....................MLMLMLM....................
................DDDLMLMLMLMLMLDD................
......M...DDDDMDDD.===========.DDDM.............
.....MLMDDDDDMLD..ooooooooooOOO.DMDDDM..........
.....DMLDDLDDD...ooooooooooooOOOMLD.MLD.........
......D.MD.......ooooooooooooOOOD...M...........
.......DLM..M...DooooooooooooOOO...MLM.M........
........DLMDLM...o*ooo*ooo*ooO*O..DLMDDLM.......
......M...D..D.M.ooooooooooooOOO...MD...D.......
.....MLM..M...MLD.ooooooooooOOO..MMLDM..........
.....DMLDMLD..D...oo*ooo*ooo*OO.MLD.MLD.........
......DM.D.......M.ooooooooOOO..D...DM..........
......DLMM...M..DLM.ooooooOOO......MDLM.M.......
--------DLM-DLM---D---------------DLM-DDLM------
-----M----D---DM--------------------M----D------
____MLD_M__M__MLD________________M_MLDM_________
....D..MLDMLD.D.................MLDD.MLD........
......MD..D.....M...............D....DM.........
.....DLM..M...MDLM................M..DLM.M......
.......D.DLM.DLM.D...............DLM...DDLM.....
....M......D..MD...................DM.....D.....
...MLD...M..MMLD................M..MLD.M........
...D....MLDMLD.................MLD.D..MLD.......
......M.D..D...M...............D......M.........
.....DLM...M..DLM................M...DLM.M......
.......D..DLMDLMD...............DLM....DDLM.....
....M.......DM.D..................D.M.....D.....
...MLD...M..MLD................M...MLD.M........
...D....MLDMDD................MLD..D..MLD.......
.......MD..D...M..............D......MD.........
......DLM..M.MDLM................M..DLM.M.......
........D.DLMLM.D...............DLM...DDLM......
.....M......DMD...................DM.....D......
....MLD.M..MMLD................M..MLD.M.........
....D..MLDMLD.................MLD.D..MLD........
.......DM.D.....M.............D.....MD..........
.......DLMM.M..DLM................MDLM.M........
.........DLMLM...D...............DLM.DDLM.......
......M....D.DM...................MD....D.......
.....MLM..M..MLD................MMLD.M..........
.....DMLDMLD.D.................MLD..MLD.........
......D.MD.......M.............D....M...........
.......DLM..M...DLM................MLM.M........
........DLMDLM....D...............DLMDDLM.......
......M...D..D.M..................M.D...D.......
.....MLM..M...MLD................MLD.M..........
.....DMLDMLD..D.................MLD.MLD.........
......DM.D.......M..............D...DM..........
......DLMM..M...DLM................MDLM.M.......
........DLMDLM....D...............DLM.DDLM......
.....M....D..D.....................MD....D......
....MLD.M..M......................MLD.M.........
....D..MLDMLD.....................D..MLD........
......MD..D..........................D..........
.....DLM.....M..................................
.......D....DLM.................................
....M.........D.................................
...MLD.........................................."
`;

exports[`plant generator: pothos matches its frozen reference at day 120 1`] = `
"................................................
................................................
................................................
................................................
................................................
................................................
.....................LMLMLML....................
...................MLMLMLMLMLM..................
..................=============.................
.................ooooooooooooOOO................
..............MD.ooooooooooooOOOMD..............
.............DLD..ooooooooooOOODLD..............
...............D.MooooooooooOOO..D.M............
................DL**********+++...DLD...........
...............MD..********+++...MD.............
..............DLD..ooooooooOOO..DLD.............
................DM.ooooooooOOO....D.M...........
................DLD.ooooooOOO......DLD..........
...............MD...ooooooOOO.....MD............
--------------DLD----------------DLD------------
----------------D-M----------------D-M----------
_________________DLDD_____MD________DLD_________
................MDDLD....DLD.......MD...........
...............DLD..DM.....M......DLD...........
.................D..DLD...DLD.......D.M.........
................DL.MD....MD..........DLD........
..................DLD...DLD.........MD..........
....................DM....D.M......DLD..........
....................DLD....DLD.......D.M........
...................MD.....MD..........DLD.......
..................DLD....DLD..........D.........
....................M......DM.........D.........
...................DLD.....DLD..................
..................MD......MD....................
.................DLD.....DLD....................
...................D.M.....D.M..................
....................DLD.....DLD.................
...................MD......MD...................
..................DLD.....DLD...................
....................D.M.....DM..................
.....................DLD....DLD.................
....................MD.....MD...................
...................DLD....DLD...................
................................................
................................................
................................................
................................................
................................................
................................................
................................................
................................................
................................................
................................................
................................................
................................................
................................................
................................................
................................................
................................................
................................................
................................................
................................................
................................................
................................................"
`;

exports[`plant generator: sansevieria matches its frozen reference at day 120 1`] = `
"................................................
................................................
................................................
................................................
................................................
................................................
................................................
................................................
................................................
................................................
................................................
................................................
................................................
................................................
................................................
................................................
................................................
................................................
................................................
................................................
................................................
................................................
.......................M...................M....
.......................D...................D....
....D..................D................D..D....
....M.................EME...............M.EME...
....D.......D.........EDE...............D.EDE...
....EDE.....D.........EDE..............EDEDE....
....EME.....M.......M.EME..............EMEME....
....EDE....EDE......D.EDE.............EDEEDE....
....EDE.....EDE.....D.EDE.............EDEEDE....
....EME.....EME....EMEEME.............EMEEME....
.....EDE....EDE....EDEEDE.............EDEEDE....
.....EDE....EDE....EDEEDE.............EDEDE.....
...M.EME..M.EME....EMEEME.....M.......EMEME.....
..EDEEDE..D.EDE....EDEEDE.....D......EDEEDE.....
..EDEEDE..D.EDE..D.EDEEDE.....D......EDEEDE.....
..EME.EMEEMEEME..M.EME.EME...EME.....EMEEME.....
...EDEEDEEDE.EDE.D.EDE.EDE.D.EDE.D...EDEEDE.....
...EDEEDEEDE.EDEEDE.EDEEDE.D.EDE.D...EDEEDE.....
...EMEEME.EMEEMEEME.EMEEME.M.EME.M...EMEME......
...EDEEDE.EDEEDEEDE.EDEEDEEDEEDEEDE.EDEEDE......
...EDE.EDEEDEEDEEDE.EDEEDEEDEEDEEDE.EDEEDE......
....EMEEMEEMEEMEEME.EMEEMEEMEEMEEME.EMEEME......
....EDEEDEEDEEDE.EDEEDEEDEEDEEDEEDE.EDEEDE......
....EDEEDEEDEEDE.EDEEDEEDEEDEEDEEDE.EDEEDE......
....EMEEME.EMEEMEEMEEMEEMEEMEEMEEME.EMEME.......
.....EDEEDEEDEEDEEDEEDEEDEEDEEDEEDEEDEEDE.......
.....EDEEDEEDEEDEEDEEDEEDEEDEEDEEDEEDEEDE.......
.....EMEEMEEMEEMEEMEEMEEMEEMEEMEEMEEMEEME.......
..................=============.................
.................ooooooooooooOOO................
.................ooooooooooooOOO................
..................ooooooooooOOO.................
..................ooooooooooOOO.................
..................ooooooooooOOO.................
..................ooooooooooOOO.................
..................ooooooooooOOO.................
..................ooooooooooOOO.................
..................ooooooooooOOO.................
..................ooooooooooOOO.................
------------------------------------------------
------------------------------------------------
________________________________________________"
`;

exports[`plant generator: spider matches its frozen reference at day 120 1`] = `
"................................................
................................................
................................................
................................................
................................................
................................................
................................................
................................................
................................................
................................................
................................................
................................................
................................................
................................................
................................................
................................................
................................................
................................................
................................................
................................................
................................................
................................................
................................................
................................................
................................................
................................................
................................................
................................................
................................................
................................................
................................................
................................................
................................................
................................................
...............DD...............DD..............
..............D..DD.ML.......MDD..D.............
.............D.....WMM.....MMDM....D............
.............D....MMLLL....MMDW....D............
.............D...MLMMLM....MDMLL...D............
............D....WLWWLM...MWMMMML...D...........
............D....MMMMMM...MMLMLLM...D...........
............D...MMLMMMLM..MLLMMMMW..D...........
...........D....WWMMMWLL..WDWMMMMM...D..........
...........D...WMMMLWDLM.MMDMLMLMM...D..........
...........D...MMMM.MMML.MLMM.MWMLM..D..........
..........L....MWMMMLMLM.MMWM.M.ML....L.........
.........MDM..WMMMMMLMMM.MLMM.M.MML..MDM........
........L.S.L.MMMLMML.MMMMM.M.MMMWM.L.S.L.......
.........M.M..MWMM.M..MWLLM.M..MLMW..M.M........
..............MMLM.M..MMLMM.M..M.W.M............
..................=============.................
.................ooooooooooooOOO................
.................ooooooooooooOOO................
..................ooooooooooOOO.................
..................ooooooooooOOO.................
..................*ooo*ooo*oOO*.................
..................ooooooooooOOO.................
..................ooooooooooOOO.................
..................oo*ooo*ooo*OO.................
..................ooooooooooOOO.................
..................ooooooooooOOO.................
------------------------------------------------
------------------------------------------------
________________________________________________"
`;
